2026-03-16 09:29:15,110 - ======================================================================
2026-03-16 09:29:15,110 - TEMPORAL ADAPTATION FIX
2026-03-16 09:29:15,110 - ======================================================================
2026-03-16 09:29:15,110 - 
Initializing system...
2026-03-16 09:29:21,708 - ✅ Ready: 10906 neurons
2026-03-16 09:29:21,708 - 
======================================================================
2026-03-16 09:29:21,708 - Testing: benzaldehyde
2026-03-16 09:29:21,708 - ======================================================================
2026-03-16 09:29:21,708 - Testing temporal dynamics for: benzaldehyde
2026-03-16 09:29:21,983 -   t=0ms: strength=50.0, active=0, mean=0.000000
2026-03-16 09:29:23,454 -   t=50ms: strength=48.8, active=96, mean=0.000249
2026-03-16 09:29:24,931 -   t=100ms: strength=47.6, active=97, mean=0.000270
2026-03-16 09:29:27,422 -   t=200ms: strength=45.2, active=93, mean=0.000265
2026-03-16 09:29:34,163 -   t=500ms: strength=38.9, active=93, mean=0.000257
2026-03-16 09:29:44,394 -   t=1000ms: strength=30.3, active=95, mean=0.000252
2026-03-16 09:29:54,032 -   t=1500ms: strength=23.6, active=80, mean=0.000228
2026-03-16 09:30:04,442 -   t=2000ms: strength=18.4, active=81, mean=0.000231
2026-03-16 09:30:14,711 -   t=2500ms: strength=14.3, active=91, mean=0.000239
2026-03-16 09:30:24,265 -   t=3000ms: strength=11.2, active=98, mean=0.000246
2026-03-16 09:30:44,295 -   t=4000ms: strength=6.8, active=65, mean=0.000266
2026-03-16 09:31:03,733 -   t=5000ms: strength=4.1, active=86, mean=0.000265
2026-03-16 09:31:03,734 - 
📊 Analysis for benzaldehyde:
2026-03-16 09:31:03,734 -   Peak time: 100ms
2026-03-16 09:31:03,734 -   Adaptation (peak → +2s): 14.2%
2026-03-16 09:31:03,734 -   Adaptation (500ms → 2500ms): 6.9%
2026-03-16 09:31:03,734 - 
======================================================================
2026-03-16 09:31:03,734 - Testing: 2-heptanone
2026-03-16 09:31:03,734 - ======================================================================
2026-03-16 09:31:03,734 - Testing temporal dynamics for: 2-heptanone
2026-03-16 09:31:04,104 -   t=0ms: strength=50.0, active=0, mean=0.000000
2026-03-16 09:31:05,783 -   t=50ms: strength=48.8, active=154, mean=0.000240
2026-03-16 09:31:07,567 -   t=100ms: strength=47.6, active=159, mean=0.000256
2026-03-16 09:31:10,212 -   t=200ms: strength=45.2, active=152, mean=0.000256
2026-03-16 09:31:16,271 -   t=500ms: strength=38.9, active=139, mean=0.000267
2026-03-16 09:31:25,931 -   t=1000ms: strength=30.3, active=130, mean=0.000257
2026-03-16 09:31:36,547 -   t=1500ms: strength=23.6, active=110, mean=0.000230
2026-03-16 09:31:46,601 -   t=2000ms: strength=18.4, active=115, mean=0.000231
2026-03-16 09:31:56,277 -   t=2500ms: strength=14.3, active=114, mean=0.000239
2026-03-16 09:32:06,945 -   t=3000ms: strength=11.2, active=121, mean=0.000251
2026-03-16 09:32:26,159 -   t=4000ms: strength=6.8, active=16, mean=0.000293
2026-03-16 09:32:46,111 -   t=5000ms: strength=4.1, active=41, mean=0.000287
2026-03-16 09:32:46,111 - 
📊 Analysis for 2-heptanone:
2026-03-16 09:32:46,111 -   Peak time: 4000ms
2026-03-16 09:32:46,111 -   Adaptation (peak → +2s): 1.9%
2026-03-16 09:32:46,111 -   Adaptation (500ms → 2500ms): 10.2%
2026-03-16 09:32:46,111 - 
======================================================================
2026-03-16 09:32:46,112 - Testing: geosmin
2026-03-16 09:32:46,112 - ======================================================================
2026-03-16 09:32:46,112 - Testing temporal dynamics for: geosmin
2026-03-16 09:32:46,398 -   t=0ms: strength=50.0, active=0, mean=0.000000
2026-03-16 09:32:47,894 -   t=50ms: strength=48.8, active=138, mean=0.000176
2026-03-16 09:32:49,389 -   t=100ms: strength=47.6, active=140, mean=0.000183
2026-03-16 09:32:51,771 -   t=200ms: strength=45.2, active=139, mean=0.000187
2026-03-16 09:32:58,131 -   t=500ms: strength=38.9, active=130, mean=0.000204
2026-03-16 09:33:08,763 -   t=1000ms: strength=30.3, active=120, mean=0.000253
2026-03-16 09:33:18,685 -   t=1500ms: strength=23.6, active=114, mean=0.000250
2026-03-16 09:33:28,543 -   t=2000ms: strength=18.4, active=121, mean=0.000244
2026-03-16 09:33:38,789 -   t=2500ms: strength=14.3, active=115, mean=0.000241
2026-03-16 09:33:49,072 -   t=3000ms: strength=11.2, active=104, mean=0.000229
2026-03-16 09:34:09,106 -   t=4000ms: strength=6.8, active=68, mean=0.000259
2026-03-16 09:34:28,130 -   t=5000ms: strength=4.1, active=84, mean=0.000273
2026-03-16 09:34:28,130 - 
📊 Analysis for geosmin:
2026-03-16 09:34:28,130 -   Peak time: 5000ms
2026-03-16 09:34:28,130 -   Adaptation (peak → +2s): 0.0%
2026-03-16 09:34:28,130 -   Adaptation (500ms → 2500ms): -18.3%
2026-03-16 09:34:28,130 - 
======================================================================
2026-03-16 09:34:28,130 - SUMMARY - TEMPORAL ADAPTATION
2026-03-16 09:34:28,130 - ======================================================================
2026-03-16 09:34:28,130 - 
📊 Peak Time:
2026-03-16 09:34:28,130 -    Mean: 3033.3ms
2026-03-16 09:34:28,130 -    Range: [100, 5000]ms
2026-03-16 09:34:28,130 -    Target: [100, 500]ms
2026-03-16 09:34:28,130 -    Status: ❌ FAIL
2026-03-16 09:34:28,130 - 
📊 Adaptation (from peak):
2026-03-16 09:34:28,130 -    Mean: 5.4%
2026-03-16 09:34:28,131 -    Range: [0.0, 14.2]%
2026-03-16 09:34:28,131 -    Target: [30, 70]%
2026-03-16 09:34:28,131 -    Status: ❌ FAIL
2026-03-16 09:34:28,131 - 
📊 Adaptation (500ms → 2500ms window):
2026-03-16 09:34:28,131 -    Mean: -0.4%
2026-03-16 09:34:28,131 -    Range: [-18.3, 10.2]%
2026-03-16 09:34:28,131 -    Target: [30, 70]%
2026-03-16 09:34:28,131 -    Status: ❌ FAIL
2026-03-16 09:34:28,131 - 
🎯 Overall Validation: ❌ FAIL
2026-03-16 09:34:28,131 - 
✅ Results saved to adaptation_fix_results.json
2026-03-16 09:34:28,131 - 
======================================================================
2026-03-16 09:34:28,131 - TEMPORAL ADAPTATION FIX COMPLETE
2026-03-16 09:34:28,131 - ======================================================================
