
======================================================================
CPU vs MLX wall-clock ratio
======================================================================
repeats=5 (+1 warm-up)  duration=100.0 ms  seed=42

Loading connectome from cache (/Users/vladyslav/Documents/GitHub/experiment/Fly Brain Female/connectome_cache.pkl)...
✓ Loaded 139255 neurons, 5342446 synapses from cache (instant)

======================================================================
EXTRACTING OLFACTORY PATHWAY
======================================================================
Identifying olfactory neurons...
✓ Found 10,906 olfactory neurons:
  - ORN: 2,279
  - PN: 2,198
  - LN: 721
  - KC: 5,279
  - APL: 2
  - MBON: 96
  - DAN: 331
Extracting olfactory synapses...
✓ Found 446,388 olfactory synapses
✓ Olfactory pathway extracted:
  - Neurons: 139,255 → 10,906 (7.8%)
  - Synapses: 5,342,446 → 446,388 (8.4%)
  - Spatial extent: [445648 303124 231280] μm
======================================================================

======================================================================
SPARSE PROBABILISTIC BRAIN (Memory Efficient)
======================================================================
✓ MLX GPU acceleration enabled
Neurons: 10,906
Synapses: 446,388
Building coupling structure...
  Olfaction network: baseline coupling
✓ Coupling: 446,388 synapses
✓ Deterministic segment layout: 14,556 blocks of 64, max 230 blocks/neuron (3.6+9.6 MB)
Physics: dt=0.1 ms, gamma=0.1, sigma_noise=0.1
  20 glomerular PN clusters built from 2198 PNs
✓ mx.compile step kernel ready
✓ Initialised: 10,906 neurons, 0.2 MB (dt=0.1ms, compiled)
======================================================================
Loading DOoR data from data/door_consensus_matrix.npy...
✓ Loaded 372 odorants × 40 receptors
Loading connectome from cache (/Users/vladyslav/Documents/GitHub/experiment/Fly Brain Female/connectome_cache.pkl)...
✓ Loaded 139255 neurons, 5342446 synapses from cache (instant)

======================================================================
EXTRACTING OLFACTORY PATHWAY
======================================================================
Identifying olfactory neurons...
✓ Found 10,906 olfactory neurons:
  - ORN: 2,279
  - PN: 2,198
  - LN: 721
  - KC: 5,279
  - APL: 2
  - MBON: 96
  - DAN: 331
Extracting olfactory synapses...
✓ Found 446,388 olfactory synapses
✓ Olfactory pathway extracted:
  - Neurons: 139,255 → 10,906 (7.8%)
  - Synapses: 5,342,446 → 446,388 (8.4%)
  - Spatial extent: [445648 303124 231280] μm
======================================================================

======================================================================
SPARSE PROBABILISTIC BRAIN (Memory Efficient)
======================================================================
Neurons: 10,906
Synapses: 446,388
Building coupling structure...
  Olfaction network: baseline coupling
✓ Coupling: 446,388 synapses
✓ Deterministic segment layout: 14,556 blocks of 64, max 230 blocks/neuron (3.6+9.6 MB)
Physics: dt=0.1 ms, gamma=0.1, sigma_noise=0.1
  20 glomerular PN clusters built from 2198 PNs
✓ Initialised: 10,906 neurons, 0.2 MB (dt=0.1ms, interpreted)
======================================================================
Loading DOoR data from data/door_consensus_matrix.npy...
✓ Loaded 372 odorants × 40 receptors
MLX :    486.7 ms median (sd 0.5) [compiled_mlx]  RT 0.205x
CPU :   4867.3 ms median (sd 8.0) [numpy]  RT 0.0205x

matched configuration: True (10,906 neurons, 446,388 synapses, dt=0.1 ms, 1,000 steps)
speedup (CPU/MLX): median 10.00x  range 9.96x - 10.03x
output agreement: 62 vs 62 active KCs, Jaccard 1.0000, r = 0.9999
Loading connectome from cache (/Users/vladyslav/Documents/GitHub/experiment/Fly Brain Female/connectome_cache.pkl)...
✓ Loaded 139255 neurons, 5342446 synapses from cache (instant)

======================================================================
EXTRACTING OLFACTORY PATHWAY
======================================================================
Identifying olfactory neurons...
✓ Found 10,906 olfactory neurons:
  - ORN: 2,279
  - PN: 2,198
  - LN: 721
  - KC: 5,279
  - APL: 2
  - MBON: 96
  - DAN: 331
Extracting olfactory synapses...
✓ Found 446,388 olfactory synapses
✓ Olfactory pathway extracted:
  - Neurons: 139,255 → 10,906 (7.8%)
  - Synapses: 5,342,446 → 446,388 (8.4%)
  - Spatial extent: [445648 303124 231280] μm
======================================================================

======================================================================
SPARSE PROBABILISTIC BRAIN (Memory Efficient)
======================================================================
✓ MLX GPU acceleration enabled
Neurons: 10,906
Synapses: 446,388
Building coupling structure...
  Olfaction network: baseline coupling
✓ Coupling: 446,388 synapses
✓ Deterministic segment layout: 14,556 blocks of 64, max 230 blocks/neuron (3.6+9.6 MB)
Physics: dt=0.1 ms, gamma=0.1, sigma_noise=0.1
  20 glomerular PN clusters built from 2198 PNs
✓ mx.compile step kernel ready
✓ Initialised: 10,906 neurons, 0.2 MB (dt=0.1ms, compiled)
======================================================================
Loading DOoR data from data/door_consensus_matrix.npy...
✓ Loaded 372 odorants × 40 receptors

Written to /Users/vladyslav/Documents/GitHub/experiment/results/final/cpu_vs_mlx_speedup.json
