2026-09-03 18:35:10,246 - ======================================================================
2026-09-03 18:35:10,246 - COMPREHENSIVE BIOLOGICAL VALIDATION SUITE
2026-09-03 18:35:10,246 - ======================================================================
2026-09-03 18:35:10,246 - Starting all 5 validations...
2026-09-03 18:35:10,246 - Backend: NumPy (CPU)
2026-09-03 18:35:10,246 - CPU runtime is roughly 4.8 s per 100 ms simulated (results/final/cpu_vs_mlx_speedup.json).
2026-09-03 18:35:10,246 - 
Initializing olfactory system...
2026-09-03 18:35:15,689 - Computing receptor->glomerular projection: 40 -> 20 dimensions (sklearn_pca)
2026-09-03 18:35:15,690 - Projection: sklearn PCA (mean-centred), 94.0% variance explained
2026-09-03 18:35:16,303 - ✅ System ready: 10906 neurons, backend=NumPy
2026-09-03 18:35:16,334 - Configuration: {
  "timestamp": "2026-09-03T22:35:16.304002+00:00",
  "git_commit": "63c52bce09fccf62502559f49cd7206a9856aef4-dirty",
  "seed": 42,
  "duration_ms": 100.0,
  "python": "3.14.3",
  "platform": "macOS-26.6.2-arm64-arm-64bit-Mach-O",
  "machine": "arm64",
  "backend": "NumPy",
  "dt_ms": 0.1,
  "projection_method": "sklearn_pca",
  "reproducible": true,
  "fast_mode": false,
  "gamma": 0.1,
  "sigma_noise": 0.1,
  "num_neurons": 10906,
  "deterministic_accumulation": true,
  "amplitude_min": 0.0,
  "amplitude_max": 10000.0,
  "glomerular_mapping": "position",
  "time_varying_odor_drive": false,
  "projection_explained_variance": 0.940047562122345,
  "door_matrix_synthetic": false,
  "door_n_odorants": 372,
  "suite": "run_all_validations",
  "n_benchmarks": 5
}
2026-09-03 18:35:16,334 - Test odors: ['benzaldehyde', '2-heptanone', 'isopentyl_acetate']
2026-09-03 18:35:16,334 - 
======================================================================
2026-09-03 18:35:16,334 - VALIDATION 1/5: TEMPORAL DYNAMICS
2026-09-03 18:35:16,334 - ======================================================================
2026-09-03 18:35:16,335 -   Testing benzaldehyde...
2026-09-03 18:36:55,039 -     Peak: 50ms, Adaptation: 65.6%
2026-09-03 18:36:55,039 -   Testing 2-heptanone...
2026-09-03 18:38:33,235 -     Peak: 500ms, Adaptation: 0.0%
2026-09-03 18:38:33,235 -   Testing isopentyl_acetate...
2026-09-03 18:40:11,247 -     Peak: 50ms, Adaptation: 37.1%
2026-09-03 18:40:11,247 - ✅ Temporal dynamics complete
2026-09-03 18:40:11,247 - 
======================================================================
2026-09-03 18:40:11,247 - VALIDATION 2/5: ODOR MIXTURES
2026-09-03 18:40:11,247 - ======================================================================
2026-09-03 18:40:31,827 -   Binary mixture overlap: 30.1%
2026-09-03 18:40:31,827 - ✅ Odor mixtures complete
2026-09-03 18:40:31,827 - 
======================================================================
2026-09-03 18:40:31,827 - VALIDATION 3/5: DISCRIMINATION THRESHOLDS
2026-09-03 18:40:31,827 - ======================================================================
2026-09-03 18:40:42,095 -   benzaldehyde +5%: r=0.660, discriminable=True
2026-09-03 18:40:47,232 -   benzaldehyde +10%: r=0.451, discriminable=True
2026-09-03 18:40:52,363 -   benzaldehyde +15%: r=0.562, discriminable=True
2026-09-03 18:40:57,473 -   benzaldehyde +20%: r=0.371, discriminable=True
2026-09-03 18:41:02,611 -   benzaldehyde +25%: r=0.599, discriminable=True
2026-09-03 18:41:02,611 -   benzaldehyde: JND = 5%
2026-09-03 18:41:12,875 -   2-heptanone +5%: r=0.360, discriminable=True
2026-09-03 18:41:17,988 -   2-heptanone +10%: r=0.606, discriminable=True
2026-09-03 18:41:23,115 -   2-heptanone +15%: r=0.202, discriminable=True
2026-09-03 18:41:28,247 -   2-heptanone +20%: r=0.401, discriminable=True
2026-09-03 18:41:33,382 -   2-heptanone +25%: r=0.636, discriminable=True
2026-09-03 18:41:33,382 -   2-heptanone: JND = 5%
2026-09-03 18:41:33,382 - ✅ Discrimination thresholds complete
2026-09-03 18:41:33,382 - 
======================================================================
2026-09-03 18:41:33,382 - VALIDATION 4/5: ODOR SIMILARITY STRUCTURE
2026-09-03 18:41:33,382 - ======================================================================
2026-09-03 18:41:48,766 -   Chem-neural correlation: r=-0.120
2026-09-03 18:41:48,766 - ✅ Odor similarity complete
2026-09-03 18:41:48,766 - 
======================================================================
2026-09-03 18:41:48,766 - VALIDATION 5/5: LEARNING & PLASTICITY
2026-09-03 18:41:48,766 - ======================================================================
2026-09-03 18:41:48,766 -   Testing plasticity with benzaldehyde (5 training trials)...
2026-09-03 18:41:53,906 -     Pre-training  MBON=0.0333, active KCs=316
2026-09-03 18:41:58,762 -     Trial 1/5: mean |Δw|=0.010432
2026-09-03 18:42:03,593 -     Trial 2/5: mean |Δw|=0.004270
2026-09-03 18:42:08,445 -     Trial 3/5: mean |Δw|=0.003549
2026-09-03 18:42:13,304 -     Trial 4/5: mean |Δw|=0.003528
2026-09-03 18:42:18,157 -     Trial 5/5: mean |Δw|=0.003023
2026-09-03 18:42:23,291 -     Post-training MBON=0.0000, active KCs=315
2026-09-03 18:42:23,291 -     MBON change: 99.99% (target ≥1.0%)
2026-09-03 18:42:23,291 - ✅ Learning & plasticity complete
2026-09-03 18:42:23,291 - 
======================================================================
2026-09-03 18:42:23,291 - ALL VALIDATIONS COMPLETE
2026-09-03 18:42:23,291 - ======================================================================
2026-09-03 18:42:23,291 - Total time: 7.2 minutes
2026-09-03 18:42:23,291 - 
======================================================================
2026-09-03 18:42:23,291 - BIOLOGICAL VALIDATION SUMMARY
2026-09-03 18:42:23,291 - ======================================================================
2026-09-03 18:42:23,291 - ❌ temporal_dynamics: FAIL
2026-09-03 18:42:23,291 - ✅ odor_mixtures: PASS
2026-09-03 18:42:23,291 - ❌ discrimination: FAIL
2026-09-03 18:42:23,291 - ❌ similarity: FAIL
2026-09-03 18:42:23,291 - ✅ learning: PASS
2026-09-03 18:42:23,291 - 
Overall: 2/5 validations passed
2026-09-03 18:42:23,317 - 
Results saved to /Users/vladyslav/Documents/GitHub/experiment/results/final/all_validations_F8_final.json

=== [F8_final] stimulus-path diagnostics ===
Loading connectome from cache (/Users/vladyslav/Documents/GitHub/experiment/Fly Brain Female/connectome_cache.pkl)...
✓ Loaded 139255 neurons, 5342446 synapses from cache (instant)

======================================================================
EXTRACTING OLFACTORY PATHWAY
======================================================================
Identifying olfactory neurons...
✓ Found 10,906 olfactory neurons:
  - ORN: 2,279
  - PN: 2,198
  - LN: 721
  - KC: 5,279
  - APL: 2
  - MBON: 96
  - DAN: 331
Extracting olfactory synapses...
✓ Found 446,388 olfactory synapses
✓ Olfactory pathway extracted:
  - Neurons: 139,255 → 10,906 (7.8%)
  - Synapses: 5,342,446 → 446,388 (8.4%)
  - Spatial extent: [445648 303124 231280] μm
======================================================================

======================================================================
SPARSE PROBABILISTIC BRAIN (Memory Efficient)
======================================================================
✓ MLX GPU acceleration enabled
Neurons: 10,906
Synapses: 446,388
Building coupling structure...
  Olfaction network: baseline coupling
✓ Coupling: 446,388 synapses
✓ Deterministic segment layout: 14,556 blocks of 64, max 230 blocks/neuron (3.6+9.6 MB)
Physics: dt=0.1 ms, gamma=0.1, sigma_noise=0.1
  20 glomerular PN clusters built from 2198 PNs
✓ mx.compile step kernel ready
✓ Initialised: 10,906 neurons, 0.2 MB (dt=0.1ms, compiled)
======================================================================
Loading DOoR data from data/door_consensus_matrix.npy...
✓ Loaded 372 odorants × 40 receptors
{
  "odor": "benzaldehyde",
  "strength_arg": 50.0,
  "duration_ms": 100.0,
  "projection_method": "sklearn_pca",
  "glomerular_mapping": "position",
  "backend": "MLX",
  "dt_ms": 0.1,
  "amplitude_ceiling": 10000.0,
  "drive": {
    "n_driven_neurons": 863,
    "force_at_t0_peak": 0.13632316887378693,
    "force_peak": 6.058347702026367,
    "time_varying": true,
    "window": {
      "window_peak_abs_force": 6.058347702026367,
      "window_mean_abs_force": 0.17890682816505432,
      "sign_changes_per_channel_median": 0.0,
      "peak_abs_force_per_10ms": [
        0.4089808464050293,
        1.3840672969818115,
        2.425894260406494,
        1.1193525791168213,
        2.715939521789551,
        2.2357254028320312,
        2.8399157524108887,
        1.9193288087844849,
        6.058347702026367,
        5.8575005531311035
      ],
      "adaptation_final": [
        0.6849819761491898,
        0.6849819761491898,
        0.6849819761491898,
        0.6849819761491898
      ],
      "concentration": 1.0,
      "amplitude_scale": 10.0
    }
  },
  "driven_at_amplitude_ceiling": 0,
  "regions": {
    "PN": {
      "n": 2198,
      "n_at_amplitude_ceiling": 0,
      "amplitude_max": 13.67088508605957,
      "amplitude_mean": 1.7698081731796265
    },
    "KC": {
      "n": 5279,
      "n_at_amplitude_ceiling": 0,
      "amplitude_max": 0.08778978884220123,
      "amplitude_mean": 0.018314097076654434
    }
  },
  "peak_abs_velocity": 12.936494827270508,
  "phase_advance_per_step_rad": 1.2936494827270508,
  "kc_raw_max": 0.08778978884220123,
  "kc_raw_mean": 0.018314097076654434,
  "kc_norm_mean": 0.0003868569328915328,
  "kc_active_above_0p01": 62
}

=== [F8_final] concentration invariance (CPU, seed 42) ===
============================================================
CONCENTRATION INVARIANCE TEST
Wave-Based Olfactory Simulation
============================================================

Seed: 42
Test Configuration:
  Odors: ['benzaldehyde', '2-heptanone', 'isopentyl_acetate']
  Concentrations: [0.1, 0.5, 1.0, 5.0, 10.0] (100-fold range)
  Simulation duration: 100.0 ms per trial
  Total trials: 15 = 3 odors × 5 concentrations

Loading connectome...
Loading connectome from cache (Fly Brain Female/connectome_cache.pkl)...
✓ Loaded 139255 neurons, 5342446 synapses from cache (instant)
  Loaded 139255 total neurons
Extracting olfactory pathway...

======================================================================
EXTRACTING OLFACTORY PATHWAY
======================================================================
Identifying olfactory neurons...
✓ Found 10,906 olfactory neurons:
  - ORN: 2,279
  - PN: 2,198
  - LN: 721
  - KC: 5,279
  - APL: 2
  - MBON: 96
  - DAN: 331
Extracting olfactory synapses...
✓ Found 446,388 olfactory synapses
✓ Olfactory pathway extracted:
  - Neurons: 139,255 → 10,906 (7.8%)
  - Synapses: 5,342,446 → 446,388 (8.4%)
  - Spatial extent: [445648 303124 231280] μm
======================================================================
  Extracted 10906 olfactory neurons
  Synapses: 446388

Initializing brain simulator...

======================================================================
SPARSE PROBABILISTIC BRAIN (Memory Efficient)
======================================================================
Neurons: 10,906
Synapses: 446,388
Building coupling structure...
  Olfaction network: baseline coupling
✓ Coupling: 446,388 synapses
✓ Deterministic segment layout: 14,556 blocks of 64, max 230 blocks/neuron (3.6+9.6 MB)
Physics: dt=0.1 ms, gamma=0.1, sigma_noise=0.1
  20 glomerular PN clusters built from 2198 PNs
✓ Initialised: 10,906 neurons, 0.2 MB (dt=0.1ms, interpreted)
======================================================================
  Memory usage: 0.2 MB
  Backend: NumPy (CPU)

Loading DOoR database...
Loading DOoR data from data/door_consensus_matrix.npy...
✓ Loaded 372 odorants × 40 receptors
  Loaded 372 odorants


============================================================
Testing odor: benzaldehyde
Concentrations: [0.1, 0.5, 1.0, 5.0, 10.0]
============================================================

  Concentration: 0.1× baseline...
    Simulation time: 4.86s
    Active KCs: 35/5279 (0.66%)
    Mean amplitude: 0.0003
    Max amplitude: 0.0489

  Concentration: 0.5× baseline...
    Simulation time: 4.86s
    Active KCs: 65/5279 (1.23%)
    Mean amplitude: 0.0004
    Max amplitude: 0.0524

  Concentration: 1.0× baseline...
    Simulation time: 4.86s
    Active KCs: 99/5279 (1.88%)
    Mean amplitude: 0.0005
    Max amplitude: 0.0687

  Concentration: 5.0× baseline...
    Simulation time: 4.84s
    Active KCs: 67/5279 (1.27%)
    Mean amplitude: 0.0004
    Max amplitude: 0.0787

  Concentration: 10.0× baseline...
    Simulation time: 4.87s
    Active KCs: 159/5279 (3.01%)
    Mean amplitude: 0.0007
    Max amplitude: 0.0968

  Computing pattern correlations...
    0.1x_vs_0.5x:
      Binary correlation: 0.3930
      Jaccard similarity: 0.2346
    0.1x_vs_1.0x:
      Binary correlation: 0.1436
      Jaccard similarity: 0.0720
    0.1x_vs_5.0x:
      Binary correlation: 0.4078
      Jaccard similarity: 0.2439
    0.1x_vs_10.0x:
      Binary correlation: 0.0812
      Jaccard similarity: 0.0374
    0.5x_vs_1.0x:
      Binary correlation: 0.3391
      Jaccard similarity: 0.2059
    0.5x_vs_5.0x:
      Binary correlation: 0.3556
      Jaccard similarity: 0.2222
    0.5x_vs_10.0x:
      Binary correlation: 0.2316
      Jaccard similarity: 0.1256
    1.0x_vs_5.0x:
      Binary correlation: 0.2712
      Jaccard similarity: 0.1608
    1.0x_vs_10.0x:
      Binary correlation: 0.4822
      Jaccard similarity: 0.3163
    5.0x_vs_10.0x:
      Binary correlation: 0.2077
      Jaccard similarity: 0.1133

============================================================
Testing odor: 2-heptanone
Concentrations: [0.1, 0.5, 1.0, 5.0, 10.0]
============================================================

  Concentration: 0.1× baseline...
    Simulation time: 4.85s
    Active KCs: 36/5279 (0.68%)
    Mean amplitude: 0.0003
    Max amplitude: 0.0535

  Concentration: 0.5× baseline...
    Simulation time: 4.83s
    Active KCs: 117/5279 (2.22%)
    Mean amplitude: 0.0008
    Max amplitude: 0.1435

  Concentration: 1.0× baseline...
    Simulation time: 4.88s
    Active KCs: 76/5279 (1.44%)
    Mean amplitude: 0.0005
    Max amplitude: 0.1257

  Concentration: 5.0× baseline...
    Simulation time: 4.86s
    Active KCs: 101/5279 (1.91%)
    Mean amplitude: 0.0006
    Max amplitude: 0.1349

  Concentration: 10.0× baseline...
    Simulation time: 4.86s
    Active KCs: 141/5279 (2.67%)
    Mean amplitude: 0.0007
    Max amplitude: 0.1019

  Computing pattern correlations...
    0.1x_vs_0.5x:
      Binary correlation: 0.2064
      Jaccard similarity: 0.1007
    0.1x_vs_1.0x:
      Binary correlation: 0.2219
      Jaccard similarity: 0.1200
    0.1x_vs_5.0x:
      Binary correlation: 0.1733
      Jaccard similarity: 0.0873
    0.1x_vs_10.0x:
      Binary correlation: 0.1290
      Jaccard similarity: 0.0599
    0.5x_vs_1.0x:
      Binary correlation: 0.3923
      Jaccard similarity: 0.2452
    0.5x_vs_5.0x:
      Binary correlation: 0.2232
      Jaccard similarity: 0.1354
    0.5x_vs_10.0x:
      Binary correlation: 0.3741
      Jaccard similarity: 0.2404
    1.0x_vs_5.0x:
      Binary correlation: 0.1921
      Jaccard similarity: 0.1132
    1.0x_vs_10.0x:
      Binary correlation: 0.3942
      Jaccard similarity: 0.2400
    5.0x_vs_10.0x:
      Binary correlation: 0.2685
      Jaccard similarity: 0.1635

============================================================
Testing odor: isopentyl_acetate
Concentrations: [0.1, 0.5, 1.0, 5.0, 10.0]
============================================================

  Concentration: 0.1× baseline...
    Simulation time: 4.88s
    Active KCs: 35/5279 (0.66%)
    Mean amplitude: 0.0003
    Max amplitude: 0.0997

  Concentration: 0.5× baseline...
    Simulation time: 4.87s
    Active KCs: 111/5279 (2.10%)
    Mean amplitude: 0.0005
    Max amplitude: 0.0950

  Concentration: 1.0× baseline...
    Simulation time: 4.82s
    Active KCs: 96/5279 (1.82%)
    Mean amplitude: 0.0006
    Max amplitude: 0.1430

  Concentration: 5.0× baseline...
    Simulation time: 4.86s
    Active KCs: 150/5279 (2.84%)
    Mean amplitude: 0.0011
    Max amplitude: 0.2335

  Concentration: 10.0× baseline...
    Simulation time: 4.87s
    Active KCs: 176/5279 (3.33%)
    Mean amplitude: 0.0010
    Max amplitude: 0.1916

  Computing pattern correlations...
    0.1x_vs_0.5x:
      Binary correlation: 0.1182
      Jaccard similarity: 0.0580
    0.1x_vs_1.0x:
      Binary correlation: 0.1810
      Jaccard similarity: 0.0917
    0.1x_vs_5.0x:
      Binary correlation: 0.1968
      Jaccard similarity: 0.0882
    0.1x_vs_10.0x:
      Binary correlation: 0.1148
      Jaccard similarity: 0.0498
    0.5x_vs_1.0x:
      Binary correlation: 0.4939
      Jaccard similarity: 0.3355
    0.5x_vs_5.0x:
      Binary correlation: 0.1577
      Jaccard similarity: 0.0966
    0.5x_vs_10.0x:
      Binary correlation: 0.5244
      Jaccard similarity: 0.3538
    1.0x_vs_5.0x:
      Binary correlation: 0.1815
      Jaccard similarity: 0.1081
    1.0x_vs_10.0x:
      Binary correlation: 0.4327
      Jaccard similarity: 0.2710
    5.0x_vs_10.0x:
      Binary correlation: 0.2667
      Jaccard similarity: 0.1685

============================================================
CONCENTRATION INVARIANCE ANALYSIS
============================================================

Odor: benzaldehyde
  0.1x_vs_0.5x: binary=0.393, jaccard=0.235
  0.1x_vs_1.0x: binary=0.144, jaccard=0.072
  0.1x_vs_5.0x: binary=0.408, jaccard=0.244
  0.1x_vs_10.0x: binary=0.081, jaccard=0.037
  0.5x_vs_1.0x: binary=0.339, jaccard=0.206
  0.5x_vs_5.0x: binary=0.356, jaccard=0.222
  0.5x_vs_10.0x: binary=0.232, jaccard=0.126
  1.0x_vs_5.0x: binary=0.271, jaccard=0.161
  1.0x_vs_10.0x: binary=0.482, jaccard=0.316
  5.0x_vs_10.0x: binary=0.208, jaccard=0.113

Odor: 2-heptanone
  0.1x_vs_0.5x: binary=0.206, jaccard=0.101
  0.1x_vs_1.0x: binary=0.222, jaccard=0.120
  0.1x_vs_5.0x: binary=0.173, jaccard=0.087
  0.1x_vs_10.0x: binary=0.129, jaccard=0.060
  0.5x_vs_1.0x: binary=0.392, jaccard=0.245
  0.5x_vs_5.0x: binary=0.223, jaccard=0.135
  0.5x_vs_10.0x: binary=0.374, jaccard=0.240
  1.0x_vs_5.0x: binary=0.192, jaccard=0.113
  1.0x_vs_10.0x: binary=0.394, jaccard=0.240
  5.0x_vs_10.0x: binary=0.268, jaccard=0.163

Odor: isopentyl_acetate
  0.1x_vs_0.5x: binary=0.118, jaccard=0.058
  0.1x_vs_1.0x: binary=0.181, jaccard=0.092
  0.1x_vs_5.0x: binary=0.197, jaccard=0.088
  0.1x_vs_10.0x: binary=0.115, jaccard=0.050
  0.5x_vs_1.0x: binary=0.494, jaccard=0.335
  0.5x_vs_5.0x: binary=0.158, jaccard=0.097
  0.5x_vs_10.0x: binary=0.524, jaccard=0.354
  1.0x_vs_5.0x: binary=0.181, jaccard=0.108
  1.0x_vs_10.0x: binary=0.433, jaccard=0.271
  5.0x_vs_10.0x: binary=0.267, jaccard=0.168

============================================================
SUMMARY STATISTICS
============================================================

Binary Correlation (thresholded KC patterns):
  Mean: 0.2719
  Std:  0.1232
  Min:  0.0812
  Max:  0.5244

Jaccard Similarity (active KC overlap):
  Mean: 0.1620
  Std:  0.0880
  Min:  0.0374
  Max:  0.3538

BIOLOGICAL VALIDATION:
  ❌ WEAK concentration invariance (mean correlation=0.272)
     High variability suggests concentration-dependent KC recruitment.
     May need parameter tuning or circuit refinement.


============================================================
Results saved to: /Users/vladyslav/Documents/GitHub/experiment/results/final/concentration_invariance_F8_final.json
============================================================

CITATION-READY SUMMARY:
------------------------------------------------------------
We tested concentration invariance across 3 odors at 5 concentration
levels (0.1× to 10×, 100-fold range). KC pattern correlation was
0.272 ± 0.123
(mean ± SD, n=15 trials), with Jaccard similarity
0.162 ± 0.088.
Results show concentration-dependent KC recruitment, suggesting
potential parameter tuning needed for full biological fidelity.
------------------------------------------------------------

✅ Concentration invariance test complete!


=== [F8_final] five-benchmark suite (CPU, seed 42) ===
Loading connectome from cache (/Users/vladyslav/Documents/GitHub/experiment/Fly Brain Female/connectome_cache.pkl)...
✓ Loaded 139255 neurons, 5342446 synapses from cache (instant)

======================================================================
EXTRACTING OLFACTORY PATHWAY
======================================================================
Identifying olfactory neurons...
✓ Found 10,906 olfactory neurons:
  - ORN: 2,279
  - PN: 2,198
  - LN: 721
  - KC: 5,279
  - APL: 2
  - MBON: 96
  - DAN: 331
Extracting olfactory synapses...
✓ Found 446,388 olfactory synapses
✓ Olfactory pathway extracted:
  - Neurons: 139,255 → 10,906 (7.8%)
  - Synapses: 5,342,446 → 446,388 (8.4%)
  - Spatial extent: [445648 303124 231280] μm
======================================================================

======================================================================
SPARSE PROBABILISTIC BRAIN (Memory Efficient)
======================================================================
Neurons: 10,906
Synapses: 446,388
Building coupling structure...
  Olfaction network: baseline coupling
✓ Coupling: 446,388 synapses
✓ Deterministic segment layout: 14,556 blocks of 64, max 230 blocks/neuron (3.6+9.6 MB)
Physics: dt=0.1 ms, gamma=0.1, sigma_noise=0.1
  20 glomerular PN clusters built from 2198 PNs
✓ Initialised: 10,906 neurons, 0.2 MB (dt=0.1ms, interpreted)
======================================================================
Loading DOoR data from data/door_consensus_matrix.npy...
✓ Loaded 372 odorants × 40 receptors

Ledger entry 'F8_final' written to /Users/vladyslav/Documents/GitHub/experiment/results/final/fix_ledger.json
