2026-09-03 17:36:31,096 - ======================================================================
2026-09-03 17:36:31,096 - COMPREHENSIVE BIOLOGICAL VALIDATION SUITE
2026-09-03 17:36:31,096 - ======================================================================
2026-09-03 17:36:31,096 - Starting all 5 validations...
2026-09-03 17:36:31,096 - Backend: NumPy (CPU)
2026-09-03 17:36:31,096 - CPU runtime is roughly 4.8 s per 100 ms simulated (results/final/cpu_vs_mlx_speedup.json).
2026-09-03 17:36:31,096 - 
Initializing olfactory system...
2026-09-03 17:36:36,419 - Computing receptor->glomerular projection: 40 -> 20 dimensions (sklearn_pca)
2026-09-03 17:36:36,420 - Projection: sklearn PCA (mean-centred), 94.0% variance explained
2026-09-03 17:36:37,043 - ✅ System ready: 10906 neurons, backend=NumPy
2026-09-03 17:36:37,072 - Configuration: {
  "timestamp": "2026-09-03T21:36:37.043611+00:00",
  "git_commit": "6110258cca1ebec09188549bdb06eb9bf5e8fa8f-dirty",
  "seed": 42,
  "duration_ms": 100.0,
  "python": "3.14.3",
  "platform": "macOS-26.6.2-arm64-arm-64bit-Mach-O",
  "machine": "arm64",
  "backend": "NumPy",
  "dt_ms": 0.1,
  "projection_method": "sklearn_pca",
  "reproducible": true,
  "fast_mode": false,
  "gamma": 0.1,
  "sigma_noise": 0.1,
  "num_neurons": 10906,
  "deterministic_accumulation": true,
  "projection_explained_variance": 0.940047562122345,
  "door_matrix_synthetic": false,
  "door_n_odorants": 372,
  "suite": "run_all_validations",
  "n_benchmarks": 5
}
2026-09-03 17:36:37,073 - Test odors: ['benzaldehyde', '2-heptanone', 'isopentyl_acetate']
2026-09-03 17:36:37,073 - 
======================================================================
2026-09-03 17:36:37,073 - VALIDATION 1/5: TEMPORAL DYNAMICS
2026-09-03 17:36:37,073 - ======================================================================
2026-09-03 17:36:37,073 -   Testing benzaldehyde...
2026-09-03 17:38:15,744 -     Peak: 50ms, Adaptation: 77.3%
2026-09-03 17:38:15,744 -   Testing 2-heptanone...
2026-09-03 17:39:53,776 -     Peak: 50ms, Adaptation: 71.9%
2026-09-03 17:39:53,776 -   Testing isopentyl_acetate...
2026-09-03 17:41:32,058 -     Peak: 1000ms, Adaptation: 0.0%
2026-09-03 17:41:32,058 - ✅ Temporal dynamics complete
2026-09-03 17:41:32,058 - 
======================================================================
2026-09-03 17:41:32,058 - VALIDATION 2/5: ODOR MIXTURES
2026-09-03 17:41:32,058 - ======================================================================
2026-09-03 17:41:52,587 -   Binary mixture overlap: 35.6%
2026-09-03 17:41:52,587 - ✅ Odor mixtures complete
2026-09-03 17:41:52,587 - 
======================================================================
2026-09-03 17:41:52,587 - VALIDATION 3/5: DISCRIMINATION THRESHOLDS
2026-09-03 17:41:52,587 - ======================================================================
2026-09-03 17:42:02,863 -   benzaldehyde +5%: r=0.458, discriminable=True
2026-09-03 17:42:07,978 -   benzaldehyde +10%: r=0.414, discriminable=True
2026-09-03 17:42:13,126 -   benzaldehyde +15%: r=0.334, discriminable=True
2026-09-03 17:42:18,268 -   benzaldehyde +20%: r=0.391, discriminable=True
2026-09-03 17:42:23,404 -   benzaldehyde +25%: r=0.270, discriminable=True
2026-09-03 17:42:23,404 -   benzaldehyde: JND = 5%
2026-09-03 17:42:33,665 -   2-heptanone +5%: r=0.138, discriminable=True
2026-09-03 17:42:38,800 -   2-heptanone +10%: r=0.323, discriminable=True
2026-09-03 17:42:43,931 -   2-heptanone +15%: r=0.374, discriminable=True
2026-09-03 17:42:49,066 -   2-heptanone +20%: r=0.253, discriminable=True
2026-09-03 17:42:54,186 -   2-heptanone +25%: r=0.246, discriminable=True
2026-09-03 17:42:54,186 -   2-heptanone: JND = 5%
2026-09-03 17:42:54,186 - ✅ Discrimination thresholds complete
2026-09-03 17:42:54,186 - 
======================================================================
2026-09-03 17:42:54,186 - VALIDATION 4/5: ODOR SIMILARITY STRUCTURE
2026-09-03 17:42:54,186 - ======================================================================
2026-09-03 17:43:09,600 -   Chem-neural correlation: r=-0.966
2026-09-03 17:43:09,600 - ✅ Odor similarity complete
2026-09-03 17:43:09,600 - 
======================================================================
2026-09-03 17:43:09,600 - VALIDATION 5/5: LEARNING & PLASTICITY
2026-09-03 17:43:09,600 - ======================================================================
2026-09-03 17:43:09,600 -   Testing plasticity with benzaldehyde (5 training trials)...
2026-09-03 17:43:14,759 -     Pre-training  MBON=0.0286, active KCs=316
2026-09-03 17:43:19,626 -     Trial 1/5: mean |Δw|=0.008269
2026-09-03 17:43:24,431 -     Trial 2/5: mean |Δw|=0.003276
2026-09-03 17:43:29,258 -     Trial 3/5: mean |Δw|=0.002120
2026-09-03 17:43:34,101 -     Trial 4/5: mean |Δw|=0.002087
2026-09-03 17:43:38,951 -     Trial 5/5: mean |Δw|=0.002014
2026-09-03 17:43:44,109 -     Post-training MBON=0.0010, active KCs=0
2026-09-03 17:43:44,109 -     MBON change: 96.50% (target ≥1.0%)
2026-09-03 17:43:44,109 - ✅ Learning & plasticity complete
2026-09-03 17:43:44,109 - 
======================================================================
2026-09-03 17:43:44,109 - ALL VALIDATIONS COMPLETE
2026-09-03 17:43:44,109 - ======================================================================
2026-09-03 17:43:44,109 - Total time: 7.2 minutes
2026-09-03 17:43:44,109 - 
======================================================================
2026-09-03 17:43:44,109 - BIOLOGICAL VALIDATION SUMMARY
2026-09-03 17:43:44,109 - ======================================================================
2026-09-03 17:43:44,109 - ❌ temporal_dynamics: FAIL
2026-09-03 17:43:44,109 - ✅ odor_mixtures: PASS
2026-09-03 17:43:44,109 - ❌ discrimination: FAIL
2026-09-03 17:43:44,110 - ❌ similarity: FAIL
2026-09-03 17:43:44,110 - ✅ learning: PASS
2026-09-03 17:43:44,110 - 
Overall: 2/5 validations passed
2026-09-03 17:43:44,134 - 
Results saved to /Users/vladyslav/Documents/GitHub/experiment/results/final/all_validations_F4_after.json

=== [F4_after] stimulus-path diagnostics ===
Loading connectome from cache (/Users/vladyslav/Documents/GitHub/experiment/Fly Brain Female/connectome_cache.pkl)...
✓ Loaded 139255 neurons, 5342446 synapses from cache (instant)

======================================================================
EXTRACTING OLFACTORY PATHWAY
======================================================================
Identifying olfactory neurons...
✓ Found 10,906 olfactory neurons:
  - ORN: 2,279
  - PN: 2,198
  - LN: 721
  - KC: 5,279
  - APL: 2
  - MBON: 96
  - DAN: 331
Extracting olfactory synapses...
✓ Found 446,388 olfactory synapses
✓ Olfactory pathway extracted:
  - Neurons: 139,255 → 10,906 (7.8%)
  - Synapses: 5,342,446 → 446,388 (8.4%)
  - Spatial extent: [445648 303124 231280] μm
======================================================================

======================================================================
SPARSE PROBABILISTIC BRAIN (Memory Efficient)
======================================================================
✓ MLX GPU acceleration enabled
Neurons: 10,906
Synapses: 446,388
Building coupling structure...
  Olfaction network: baseline coupling
✓ Coupling: 446,388 synapses
✓ Deterministic segment layout: 14,556 blocks of 64, max 230 blocks/neuron (3.6+9.6 MB)
Physics: dt=0.1 ms, gamma=0.1, sigma_noise=0.1
✓ mx.compile step kernel ready
✓ Initialised: 10,906 neurons, 0.2 MB (dt=0.1ms, compiled)
======================================================================
Loading DOoR data from data/door_consensus_matrix.npy...
✓ Loaded 372 odorants × 40 receptors
{
  "odor": "benzaldehyde",
  "strength_arg": 50.0,
  "duration_ms": 100.0,
  "projection_method": "sklearn_pca",
  "backend": "MLX",
  "dt_ms": 0.1,
  "amplitude_ceiling": 10.0,
  "drive": {
    "n_driven_neurons": 981,
    "force_at_t0_peak": 0.13632316887378693,
    "force_peak": 6.058347702026367,
    "time_varying": true,
    "window": {
      "window_peak_abs_force": 6.058347702026367,
      "window_mean_abs_force": 0.17890682816505432,
      "sign_changes_per_channel_median": 0.0,
      "peak_abs_force_per_10ms": [
        0.4089808464050293,
        1.3840672969818115,
        2.425894260406494,
        1.1193525791168213,
        2.715939521789551,
        2.2357254028320312,
        2.8399157524108887,
        1.9193288087844849,
        6.058347702026367,
        5.8575005531311035
      ],
      "adaptation_final": [
        0.6849819761491898,
        0.6849819761491898,
        0.6849819761491898,
        0.6849819761491898
      ],
      "concentration": 1.0,
      "amplitude_scale": 10.0
    }
  },
  "driven_at_amplitude_ceiling": 109,
  "regions": {
    "PN": {
      "n": 2198,
      "n_at_amplitude_ceiling": 109,
      "amplitude_max": 10.0,
      "amplitude_mean": 1.8511351346969604
    },
    "KC": {
      "n": 5279,
      "n_at_amplitude_ceiling": 0,
      "amplitude_max": 0.12920135259628296,
      "amplitude_mean": 0.02417149394750595
    }
  },
  "peak_abs_velocity": 12.281855583190918,
  "phase_advance_per_step_rad": 1.228185558319092,
  "kc_raw_max": 0.12920135259628296,
  "kc_raw_mean": 0.02417149394750595,
  "kc_norm_mean": 0.00040970067493617535,
  "kc_active_above_0p01": 59
}

=== [F4_after] concentration invariance (CPU, seed 42) ===
============================================================
CONCENTRATION INVARIANCE TEST
Wave-Based Olfactory Simulation
============================================================

Seed: 42
Test Configuration:
  Odors: ['benzaldehyde', '2-heptanone', 'isopentyl_acetate']
  Concentrations: [0.1, 0.5, 1.0, 5.0, 10.0] (100-fold range)
  Simulation duration: 100.0 ms per trial
  Total trials: 15 = 3 odors × 5 concentrations

Loading connectome...
Loading connectome from cache (Fly Brain Female/connectome_cache.pkl)...
✓ Loaded 139255 neurons, 5342446 synapses from cache (instant)
  Loaded 139255 total neurons
Extracting olfactory pathway...

======================================================================
EXTRACTING OLFACTORY PATHWAY
======================================================================
Identifying olfactory neurons...
✓ Found 10,906 olfactory neurons:
  - ORN: 2,279
  - PN: 2,198
  - LN: 721
  - KC: 5,279
  - APL: 2
  - MBON: 96
  - DAN: 331
Extracting olfactory synapses...
✓ Found 446,388 olfactory synapses
✓ Olfactory pathway extracted:
  - Neurons: 139,255 → 10,906 (7.8%)
  - Synapses: 5,342,446 → 446,388 (8.4%)
  - Spatial extent: [445648 303124 231280] μm
======================================================================
  Extracted 10906 olfactory neurons
  Synapses: 446388

Initializing brain simulator...

======================================================================
SPARSE PROBABILISTIC BRAIN (Memory Efficient)
======================================================================
Neurons: 10,906
Synapses: 446,388
Building coupling structure...
  Olfaction network: baseline coupling
✓ Coupling: 446,388 synapses
✓ Deterministic segment layout: 14,556 blocks of 64, max 230 blocks/neuron (3.6+9.6 MB)
Physics: dt=0.1 ms, gamma=0.1, sigma_noise=0.1
✓ Initialised: 10,906 neurons, 0.2 MB (dt=0.1ms, interpreted)
======================================================================
  Memory usage: 0.2 MB
  Backend: NumPy (CPU)

Loading DOoR database...
Loading DOoR data from data/door_consensus_matrix.npy...
✓ Loaded 372 odorants × 40 receptors
  Loaded 372 odorants


============================================================
Testing odor: benzaldehyde
Concentrations: [0.1, 0.5, 1.0, 5.0, 10.0]
============================================================

  Concentration: 0.1× baseline...
    Simulation time: 4.78s
    Active KCs: 43/5279 (0.81%)
    Mean amplitude: 0.0003
    Max amplitude: 0.0719

  Concentration: 0.5× baseline...
    Simulation time: 4.79s
    Active KCs: 51/5279 (0.97%)
    Mean amplitude: 0.0004
    Max amplitude: 0.0545

  Concentration: 1.0× baseline...
    Simulation time: 4.80s
    Active KCs: 80/5279 (1.52%)
    Mean amplitude: 0.0005
    Max amplitude: 0.0747

  Concentration: 5.0× baseline...
    Simulation time: 4.81s
    Active KCs: 115/5279 (2.18%)
    Mean amplitude: 0.0006
    Max amplitude: 0.0745

  Concentration: 10.0× baseline...
    Simulation time: 4.80s
    Active KCs: 76/5279 (1.44%)
    Mean amplitude: 0.0006
    Max amplitude: 0.2496

  Computing pattern correlations...
    0.1x_vs_0.5x:
      Binary correlation: 0.2927
      Jaccard similarity: 0.1750
    0.1x_vs_1.0x:
      Binary correlation: 0.3338
      Jaccard similarity: 0.1942
    0.1x_vs_5.0x:
      Binary correlation: 0.1597
      Jaccard similarity: 0.0822
    0.1x_vs_10.0x:
      Binary correlation: 0.2898
      Jaccard similarity: 0.1667
    0.5x_vs_1.0x:
      Binary correlation: 0.2097
      Jaccard similarity: 0.1197
    0.5x_vs_5.0x:
      Binary correlation: 0.1710
      Jaccard similarity: 0.0921
    0.5x_vs_10.0x:
      Binary correlation: 0.2970
      Jaccard similarity: 0.1759
    1.0x_vs_5.0x:
      Binary correlation: 0.1514
      Jaccard similarity: 0.0894
    1.0x_vs_10.0x:
      Binary correlation: 0.2974
      Jaccard similarity: 0.1818
    5.0x_vs_10.0x:
      Binary correlation: 0.1672
      Jaccard similarity: 0.0977

============================================================
Testing odor: 2-heptanone
Concentrations: [0.1, 0.5, 1.0, 5.0, 10.0]
============================================================

  Concentration: 0.1× baseline...
    Simulation time: 4.82s
    Active KCs: 34/5279 (0.64%)
    Mean amplitude: 0.0003
    Max amplitude: 0.0362

  Concentration: 0.5× baseline...
    Simulation time: 4.83s
    Active KCs: 79/5279 (1.50%)
    Mean amplitude: 0.0004
    Max amplitude: 0.0590

  Concentration: 1.0× baseline...
    Simulation time: 4.84s
    Active KCs: 159/5279 (3.01%)
    Mean amplitude: 0.0008
    Max amplitude: 0.0601

  Concentration: 5.0× baseline...
    Simulation time: 4.84s
    Active KCs: 116/5279 (2.20%)
    Mean amplitude: 0.0007
    Max amplitude: 0.1085

  Concentration: 10.0× baseline...
    Simulation time: 4.82s
    Active KCs: 162/5279 (3.07%)
    Mean amplitude: 0.0010
    Max amplitude: 0.1406

  Computing pattern correlations...
    0.1x_vs_0.5x:
      Binary correlation: 0.1851
      Jaccard similarity: 0.0971
    0.1x_vs_1.0x:
      Binary correlation: 0.1382
      Jaccard similarity: 0.0604
    0.1x_vs_5.0x:
      Binary correlation: 0.1172
      Jaccard similarity: 0.0563
    0.1x_vs_10.0x:
      Binary correlation: 0.1092
      Jaccard similarity: 0.0481
    0.5x_vs_1.0x:
      Binary correlation: 0.1517
      Jaccard similarity: 0.0868
    0.5x_vs_5.0x:
      Binary correlation: 0.2263
      Jaccard similarity: 0.1337
    0.5x_vs_10.0x:
      Binary correlation: 0.3309
      Jaccard similarity: 0.1931
    1.0x_vs_5.0x:
      Binary correlation: 0.1248
      Jaccard similarity: 0.0784
    1.0x_vs_10.0x:
      Binary correlation: 0.1422
      Jaccard similarity: 0.0918
    5.0x_vs_10.0x:
      Binary correlation: 0.2281
      Jaccard similarity: 0.1393

============================================================
Testing odor: isopentyl_acetate
Concentrations: [0.1, 0.5, 1.0, 5.0, 10.0]
============================================================

  Concentration: 0.1× baseline...
    Simulation time: 4.85s
    Active KCs: 33/5279 (0.63%)
    Mean amplitude: 0.0003
    Max amplitude: 0.0466

  Concentration: 0.5× baseline...
    Simulation time: 4.85s
    Active KCs: 136/5279 (2.58%)
    Mean amplitude: 0.0007
    Max amplitude: 0.1047

  Concentration: 1.0× baseline...
    Simulation time: 4.84s
    Active KCs: 102/5279 (1.93%)
    Mean amplitude: 0.0006
    Max amplitude: 0.1320

  Concentration: 5.0× baseline...
    Simulation time: 4.85s
    Active KCs: 134/5279 (2.54%)
    Mean amplitude: 0.0008
    Max amplitude: 0.1002

  Concentration: 10.0× baseline...
    Simulation time: 4.84s
    Active KCs: 163/5279 (3.09%)
    Mean amplitude: 0.0008
    Max amplitude: 0.1235

  Computing pattern correlations...
    0.1x_vs_0.5x:
      Binary correlation: 0.1388
      Jaccard similarity: 0.0629
    0.1x_vs_1.0x:
      Binary correlation: 0.2857
      Jaccard similarity: 0.1441
    0.1x_vs_5.0x:
      Binary correlation: 0.1400
      Jaccard similarity: 0.0637
    0.1x_vs_10.0x:
      Binary correlation: 0.1665
      Jaccard similarity: 0.0710
    0.5x_vs_1.0x:
      Binary correlation: 0.2464
      Jaccard similarity: 0.1498
    0.5x_vs_5.0x:
      Binary correlation: 0.2322
      Jaccard similarity: 0.1441
    0.5x_vs_10.0x:
      Binary correlation: 0.0885
      Jaccard similarity: 0.0603
    1.0x_vs_5.0x:
      Binary correlation: 0.2136
      Jaccard similarity: 0.1292
    1.0x_vs_10.0x:
      Binary correlation: 0.1341
      Jaccard similarity: 0.0816
    5.0x_vs_10.0x:
      Binary correlation: 0.1174
      Jaccard similarity: 0.0761

============================================================
CONCENTRATION INVARIANCE ANALYSIS
============================================================

Odor: benzaldehyde
  0.1x_vs_0.5x: binary=0.293, jaccard=0.175
  0.1x_vs_1.0x: binary=0.334, jaccard=0.194
  0.1x_vs_5.0x: binary=0.160, jaccard=0.082
  0.1x_vs_10.0x: binary=0.290, jaccard=0.167
  0.5x_vs_1.0x: binary=0.210, jaccard=0.120
  0.5x_vs_5.0x: binary=0.171, jaccard=0.092
  0.5x_vs_10.0x: binary=0.297, jaccard=0.176
  1.0x_vs_5.0x: binary=0.151, jaccard=0.089
  1.0x_vs_10.0x: binary=0.297, jaccard=0.182
  5.0x_vs_10.0x: binary=0.167, jaccard=0.098

Odor: 2-heptanone
  0.1x_vs_0.5x: binary=0.185, jaccard=0.097
  0.1x_vs_1.0x: binary=0.138, jaccard=0.060
  0.1x_vs_5.0x: binary=0.117, jaccard=0.056
  0.1x_vs_10.0x: binary=0.109, jaccard=0.048
  0.5x_vs_1.0x: binary=0.152, jaccard=0.087
  0.5x_vs_5.0x: binary=0.226, jaccard=0.134
  0.5x_vs_10.0x: binary=0.331, jaccard=0.193
  1.0x_vs_5.0x: binary=0.125, jaccard=0.078
  1.0x_vs_10.0x: binary=0.142, jaccard=0.092
  5.0x_vs_10.0x: binary=0.228, jaccard=0.139

Odor: isopentyl_acetate
  0.1x_vs_0.5x: binary=0.139, jaccard=0.063
  0.1x_vs_1.0x: binary=0.286, jaccard=0.144
  0.1x_vs_5.0x: binary=0.140, jaccard=0.064
  0.1x_vs_10.0x: binary=0.166, jaccard=0.071
  0.5x_vs_1.0x: binary=0.246, jaccard=0.150
  0.5x_vs_5.0x: binary=0.232, jaccard=0.144
  0.5x_vs_10.0x: binary=0.088, jaccard=0.060
  1.0x_vs_5.0x: binary=0.214, jaccard=0.129
  1.0x_vs_10.0x: binary=0.134, jaccard=0.082
  5.0x_vs_10.0x: binary=0.117, jaccard=0.076

============================================================
SUMMARY STATISTICS
============================================================

Binary Correlation (thresholded KC patterns):
  Mean: 0.1962
  Std:  0.0709
  Min:  0.0885
  Max:  0.3338

Jaccard Similarity (active KC overlap):
  Mean: 0.1114
  Std:  0.0447
  Min:  0.0481
  Max:  0.1942

BIOLOGICAL VALIDATION:
  ❌ WEAK concentration invariance (mean correlation=0.196)
     High variability suggests concentration-dependent KC recruitment.
     May need parameter tuning or circuit refinement.


============================================================
Results saved to: /Users/vladyslav/Documents/GitHub/experiment/results/final/concentration_invariance_F4_after.json
============================================================

CITATION-READY SUMMARY:
------------------------------------------------------------
We tested concentration invariance across 3 odors at 5 concentration
levels (0.1× to 10×, 100-fold range). KC pattern correlation was
0.196 ± 0.071
(mean ± SD, n=15 trials), with Jaccard similarity
0.111 ± 0.045.
Results show concentration-dependent KC recruitment, suggesting
potential parameter tuning needed for full biological fidelity.
------------------------------------------------------------

✅ Concentration invariance test complete!


=== [F4_after] five-benchmark suite (CPU, seed 42) ===
Loading connectome from cache (/Users/vladyslav/Documents/GitHub/experiment/Fly Brain Female/connectome_cache.pkl)...
✓ Loaded 139255 neurons, 5342446 synapses from cache (instant)

======================================================================
EXTRACTING OLFACTORY PATHWAY
======================================================================
Identifying olfactory neurons...
✓ Found 10,906 olfactory neurons:
  - ORN: 2,279
  - PN: 2,198
  - LN: 721
  - KC: 5,279
  - APL: 2
  - MBON: 96
  - DAN: 331
Extracting olfactory synapses...
✓ Found 446,388 olfactory synapses
✓ Olfactory pathway extracted:
  - Neurons: 139,255 → 10,906 (7.8%)
  - Synapses: 5,342,446 → 446,388 (8.4%)
  - Spatial extent: [445648 303124 231280] μm
======================================================================

======================================================================
SPARSE PROBABILISTIC BRAIN (Memory Efficient)
======================================================================
Neurons: 10,906
Synapses: 446,388
Building coupling structure...
  Olfaction network: baseline coupling
✓ Coupling: 446,388 synapses
✓ Deterministic segment layout: 14,556 blocks of 64, max 230 blocks/neuron (3.6+9.6 MB)
Physics: dt=0.1 ms, gamma=0.1, sigma_noise=0.1
✓ Initialised: 10,906 neurons, 0.2 MB (dt=0.1ms, interpreted)
======================================================================
Loading DOoR data from data/door_consensus_matrix.npy...
✓ Loaded 372 odorants × 40 receptors

Ledger entry 'F4_after' written to /Users/vladyslav/Documents/GitHub/experiment/results/final/fix_ledger.json
